[main] loading boss data...
  771 files, skipped 341 short(<30 steps), kept 430
[main] loading PER relabeled weights: E:\program\JAVA\EFTLM-example\train\models\relabeled_20260814_165526.npz
[main] WARN: relabel weights length 93427 != samples 93550, ignored
[main] loading zombie data (mix 10%)...
  691 files, skipped 3 short(<30 steps), kept 688
[main] zombie state dim 16 -> pad to 18
[main] zombie downsampled 103944 -> 93550 boss + 10394 zombie
[main] loading init model: E:\program\JAVA\EFTLM-example\train\models\rl_model_v13.bin
[pretrain] melee BC on 58583 samples (input 18)...
  pretrain epoch 0: loss=1.6220 acc=0.719
  pretrain epoch 5: loss=0.6379 acc=0.844
  pretrain epoch 10: loss=0.5766 acc=0.861
  pretrain epoch 14: loss=0.5497 acc=0.873
[train] capped action=4: 78660 -> 62366
[train] device=cuda, samples=87650
[train] BC warmup...
  bc epoch 0: loss=0.2099 acc=0.970
  bc epoch 5: loss=0.0973 acc=0.976
  bc epoch 10: loss=0.0859 acc=0.979
  bc epoch 15: loss=0.0796 acc=0.980
  bc epoch 19: loss=0.0756 acc=0.982
[train] reward-weighted BC...
  rwbc epoch 0: loss=0.0811 acc=0.981
  rwbc epoch 1: loss=0.0785 acc=0.980
[export] model written: E:\program\JAVA\EFTLM-example\train\models\rl_model_v14.bin (38164 bytes)
[export] meta written: E:\program\JAVA\EFTLM-example\train\models\rl_model_v14.bin.meta.txt
