[2026-08-13 12:29:27] guard started: server=E:\program\JAVA\touhou little maid - unknow sky area\prod_server interval=15s
[2026-08-13 12:29:30] crash report detected while server alive: ['crash-2026-08-05_14.38.28-server.txt', 'crash-2026-08-05_23.37.41-server.txt', 'crash-2026-08-05_23.38.43-server.txt', 'crash-2026-08-06_22.11.17-server.txt', 'crash-2026-08-06_22.11.59-server.txt', 'crash-2026-08-06_22.12.46-server.txt', 'crash-2026-08-12_10.02.11-server.txt', 'crash-2026-08-12_11.39.01-server.txt', 'crash-2026-08-12_12.45.46-server.txt', 'crash-2026-08-12_13.44.26-server.txt']
[2026-08-13 12:31:06] server survived (report archived only)
[2026-08-13 13:09:58] guard started: server=E:\program\JAVA\touhou little maid - unknow sky area\prod_server interval=15s
[2026-08-13 18:04:36] SERVER DOWN WITHOUT GRACE FLAG — treating as crash
[2026-08-13 18:04:37] restarting server (start.bat)...
[2026-08-13 18:05:33] SERVER DOWN WITHOUT GRACE FLAG — treating as crash
[2026-08-13 18:05:33] [heal] same crash twice (client_class_on_server), arena disabled (backup: E:\program\JAVA\touhou little maid - unknow sky area\prod_server\config\eftlm_stylish\arena.properties.disabled_20260813_180533)
[2026-08-13 18:05:33] [heal] same crash twice (class_init_error), arena disabled (backup: E:\program\JAVA\touhou little maid - unknow sky area\prod_server\config\eftlm_stylish\arena.properties.disabled_20260813_180533)
[2026-08-13 18:05:33] [heal] same crash twice (tick_loop_exception), arena disabled (backup: E:\program\JAVA\touhou little maid - unknow sky area\prod_server\config\eftlm_stylish\arena.properties.disabled_20260813_180533)
[2026-08-13 18:05:33] restarting server (start.bat)...
[2026-08-13 18:09:08] SERVER DOWN WITHOUT GRACE FLAG — treating as crash
[2026-08-13 18:09:08] [heal] same crash twice (client_class_on_server), arena disabled (backup: E:\program\JAVA\touhou little maid - unknow sky area\prod_server\config\eftlm_stylish\arena.properties.disabled_20260813_180908)
[2026-08-13 18:09:08] [heal] same crash twice (class_init_error), arena disabled (backup: E:\program\JAVA\touhou little maid - unknow sky area\prod_server\config\eftlm_stylish\arena.properties.disabled_20260813_180908)
[2026-08-13 18:09:08] [heal] same crash twice (tick_loop_exception), arena disabled (backup: E:\program\JAVA\touhou little maid - unknow sky area\prod_server\config\eftlm_stylish\arena.properties.disabled_20260813_180908)
[2026-08-13 18:09:08] restarting server (start.bat)...
[2026-08-13 18:35:00] guard started: server=E:\program\JAVA\touhou little maid - unknow sky area\prod_server interval=15s
[2026-08-13 18:35:15] SERVER DOWN WITHOUT GRACE FLAG — treating as crash
[2026-08-13 18:35:15] restarting server (start.bat)...
[2026-08-13 18:52:54] crash report detected while server alive: ['crash-2026-08-13_18.52.52-server.txt']
[2026-08-13 18:53:24] server exited after crash report
[2026-08-13 18:53:24] restarting server (start.bat)...
[2026-08-13 18:54:39] SERVER DOWN WITHOUT GRACE FLAG — treating as crash
[2026-08-13 18:54:39] restarting server (start.bat)...
[2026-08-14 10:02:48] SERVER DOWN WITHOUT GRACE FLAG — treating as crash
[2026-08-14 10:02:48] restarting server (start.bat)...
[2026-08-14 10:24:35] crash report detected while server alive: ['crash-2026-08-14_10.24.35-server.txt']
[2026-08-14 10:25:10] server exited after crash report
[2026-08-14 10:25:10] restarting server (start.bat)...
[2026-08-14 10:26:14] SERVER DOWN WITHOUT GRACE FLAG — treating as crash
[2026-08-14 10:26:14] restarting server (start.bat)...
[2026-08-14 10:26:52] crash report detected while server alive: ['crash-2026-08-14_10.25.58-server.txt']
[2026-08-14 10:27:40] server exited after crash report
[2026-08-14 10:27:40] restarting server (start.bat)...
[2026-08-14 10:28:51] SERVER DOWN WITHOUT GRACE FLAG — treating as crash
[2026-08-14 10:28:51] restarting server (start.bat)...
[2026-08-14 10:29:33] crash report detected while server alive: ['crash-2026-08-14_10.28.35-server.txt']
[2026-08-14 10:30:02] server exited after crash report
[2026-08-14 10:30:02] restarting server (start.bat)...
[2026-08-14 10:32:37] crash report detected while server alive: ['crash-2026-08-14_10.32.35-server.txt']
[2026-08-14 10:33:19] server exited after crash report
[2026-08-14 10:33:19] restarting server (start.bat)...
[2026-08-14 10:35:44] SERVER DOWN WITHOUT GRACE FLAG — treating as crash
[2026-08-14 10:35:44] restarting server (start.bat)...
[2026-08-14 10:36:54] SERVER DOWN WITHOUT GRACE FLAG — treating as crash
[2026-08-14 10:36:54] restarting server (start.bat)...
[2026-08-14 10:37:40] crash report detected while server alive: ['crash-2026-08-14_10.36.45-server.txt']
[2026-08-14 10:39:04] server exited after crash report
[2026-08-14 10:39:04] restarting server (start.bat)...
[2026-08-14 10:40:20] SERVER DOWN WITHOUT GRACE FLAG — treating as crash
[2026-08-14 10:40:20] restarting server (start.bat)...
[2026-08-14 10:41:11] SERVER DOWN WITHOUT GRACE FLAG — treating as crash
[2026-08-14 10:41:11] restarting server (start.bat)...
[2026-08-14 10:41:49] crash report detected while server alive: ['crash-2026-08-14_10.40.05-server.txt']
[2026-08-14 10:42:41] server exited after crash report
[2026-08-14 10:42:41] restarting server (start.bat)...
[2026-08-14 10:43:59] SERVER DOWN WITHOUT GRACE FLAG — treating as crash
[2026-08-14 10:43:59] restarting server (start.bat)...
[2026-08-14 10:44:39] crash report detected while server alive: ['crash-2026-08-14_10.43.45-server.txt']
[2026-08-14 10:45:34] server exited after crash report
[2026-08-14 10:45:34] restarting server (start.bat)...
[2026-08-14 10:46:46] SERVER DOWN WITHOUT GRACE FLAG — treating as crash
[2026-08-14 10:46:46] restarting server (start.bat)...
[2026-08-14 10:47:29] crash report detected while server alive: ['crash-2026-08-14_10.46.30-server.txt']
[2026-08-14 10:48:23] server exited after crash report
[2026-08-14 10:48:23] restarting server (start.bat)...
[2026-08-14 10:49:31] SERVER DOWN WITHOUT GRACE FLAG — treating as crash
[2026-08-14 10:49:31] restarting server (start.bat)...
[2026-08-14 10:50:08] crash report detected while server alive: ['crash-2026-08-14_10.49.17-server.txt']
[2026-08-14 10:50:53] server exited after crash report
[2026-08-14 10:50:53] restarting server (start.bat)...
[2026-08-14 10:52:06] SERVER DOWN WITHOUT GRACE FLAG — treating as crash
[2026-08-14 10:52:06] restarting server (start.bat)...
[2026-08-14 10:52:44] crash report detected while server alive: ['crash-2026-08-14_10.51.53-server.txt']
[2026-08-14 10:53:37] server exited after crash report
[2026-08-14 10:53:37] restarting server (start.bat)...
[2026-08-14 10:54:49] crash report detected while server alive: ['crash-2026-08-14_10.54.32-server.txt']
[2026-08-14 10:56:35] server survived (report archived only)
[2026-08-14 17:10:16] SERVER DOWN WITHOUT GRACE FLAG — treating as crash
[2026-08-14 17:10:17] restarting server (start.bat)...
[2026-08-17 14:56:04] guard started: server=E:\program\JAVA\touhou little maid - unknow sky area\prod_server interval=15s
[2026-08-20 18:49:01] SERVER DOWN WITHOUT GRACE FLAG — treating as crash
[2026-08-20 18:49:02] restarting server (start.bat)...
[2026-08-20 18:50:09] SERVER DOWN WITHOUT GRACE FLAG — treating as crash
[2026-08-20 18:50:09] [heal] same crash twice (tick_loop_exception), arena disabled (backup: E:\program\JAVA\touhou little maid - unknow sky area\prod_server\config\eftlm_stylish\arena.properties.disabled_20260820_185009)
[2026-08-20 18:50:09] restarting server (start.bat)...
[2026-08-20 18:50:44] crash report detected while server alive: ['crash-2026-08-20_18.49.54-server.txt']
[2026-08-20 18:52:30] server survived (report archived only)
[2026-08-20 18:54:09] SERVER DOWN WITHOUT GRACE FLAG — treating as crash
[2026-08-20 18:54:09] restarting server (start.bat)...
[2026-08-22 19:38:24] SERVER DOWN WITHOUT GRACE FLAG — treating as crash
[2026-08-22 19:38:25] restarting server (start.bat)...
[2026-08-22 23:06:28] SERVER DOWN WITHOUT GRACE FLAG — treating as crash
[2026-08-22 23:06:28] restarting server (start.bat)...
[2026-08-22 23:14:52] SERVER DOWN WITHOUT GRACE FLAG — treating as crash
[2026-08-22 23:14:52] restarting server (start.bat)...
[2026-08-24 19:14:58] SERVER DOWN WITHOUT GRACE FLAG — treating as crash
[2026-08-24 19:14:59] restarting server (start.bat)...
[2026-08-24 20:49:15] guard started: server=E:\program\JAVA\touhou little maid - unknow sky area\prod_server interval=15s
[2026-08-25 15:11:53] SERVER DOWN WITHOUT GRACE FLAG — treating as crash
[2026-08-25 15:11:53] restarting server (start.bat)...
