[2026-08-13 13:03:26] reminder started: interval=30s hours=6.0 (state: pid=None reminded=False)
[2026-08-13 13:03:29] new server start detected: pid=19568 start=13:03:29 (remind at 19:03:29)
[2026-08-13 13:06:03] reminder started: interval=30s hours=6.0 (state: pid=None reminded=False)
[2026-08-13 13:06:05] new server start detected: pid=19568 start=12:22:28 (remind at 18:22:28)
[2026-08-13 13:09:58] reminder started: interval=30s hours=6.0 (state: pid=19568 reminded=False)
[2026-08-13 17:52:42] server not running (waiting for next start)
[2026-08-13 17:53:26] new server start detected: pid=25120 start=17:52:36 (remind at 23:52:36)
[2026-08-13 18:02:35] new server start detected: pid=31024 start=18:02:05 (remind at 00:02:05)
[2026-08-13 18:05:13] new server start detected: pid=24808 start=18:04:37 (remind at 00:04:37)
[2026-08-13 18:08:51] new server start detected: pid=16644 start=18:08:07 (remind at 00:08:07)
[2026-08-13 18:09:55] server not running (waiting for next start)
[2026-08-13 18:10:46] new server start detected: pid=10216 start=18:09:54 (remind at 00:09:54)
[2026-08-13 18:11:45] new server start detected: pid=19768 start=18:11:01 (remind at 00:11:01)
[2026-08-13 18:13:26] server not running (waiting for next start)
[2026-08-13 18:14:32] new server start detected: pid=21636 start=18:14:01 (remind at 00:14:01)
[2026-08-13 18:35:00] reminder started: interval=30s hours=6.0 (state: pid=None reminded=False)
[2026-08-13 18:36:06] new server start detected: pid=19224 start=18:35:15 (remind at 00:35:15)
[2026-08-13 18:52:10] server not running (waiting for next start)
[2026-08-13 18:54:03] new server start detected: pid=472 start=18:53:24 (remind at 00:53:24)
[2026-08-13 18:54:57] server not running (waiting for next start)
[2026-08-13 18:56:37] new server start detected: pid=16252 start=18:55:34 (remind at 00:55:34)
[2026-08-13 21:37:54] new server start detected: pid=5716 start=21:37:24 (remind at 03:37:24)
[2026-08-14 03:37:58] reminder shown (server start 2026-08-13 21:37:24)
[2026-08-14 10:03:15] new server start detected: pid=7424 start=10:02:48 (remind at 16:02:48)
[2026-08-14 10:23:41] server not running (waiting for next start)
[2026-08-14 10:24:32] new server start detected: pid=25140 start=10:23:44 (remind at 16:23:44)
[2026-08-14 10:25:21] server not running (waiting for next start)
[2026-08-14 10:26:00] new server start detected: pid=30092 start=10:25:10 (remind at 16:25:10)
[2026-08-14 10:26:53] new server start detected: pid=30396 start=10:26:14 (remind at 16:26:14)
[2026-08-14 10:27:38] server not running (waiting for next start)
[2026-08-14 10:28:28] new server start detected: pid=24612 start=10:27:40 (remind at 16:27:40)
[2026-08-14 10:29:27] new server start detected: pid=1604 start=10:28:51 (remind at 16:28:51)
[2026-08-14 10:30:16] server not running (waiting for next start)
[2026-08-14 10:31:13] new server start detected: pid=30188 start=10:30:02 (remind at 16:30:02)
[2026-08-14 10:33:39] server not running (waiting for next start)
[2026-08-14 10:34:41] new server start detected: pid=22960 start=10:33:19 (remind at 16:33:19)
[2026-08-14 10:36:20] new server start detected: pid=16540 start=10:35:44 (remind at 16:35:44)
[2026-08-14 10:37:14] server not running (waiting for next start)
[2026-08-14 10:38:14] new server start detected: pid=13800 start=10:36:54 (remind at 16:36:54)
[2026-08-14 10:39:05] server not running (waiting for next start)
[2026-08-14 10:39:55] new server start detected: pid=27416 start=10:39:04 (remind at 16:39:04)
[2026-08-14 10:41:07] server not running (waiting for next start)
[2026-08-14 10:41:58] new server start detected: pid=31672 start=10:41:11 (remind at 16:41:11)
[2026-08-14 10:42:44] server not running (waiting for next start)
[2026-08-14 10:43:39] new server start detected: pid=11772 start=10:42:41 (remind at 16:42:41)
[2026-08-14 10:44:35] new server start detected: pid=25428 start=10:43:59 (remind at 16:43:59)
[2026-08-14 10:45:23] server not running (waiting for next start)
[2026-08-14 10:46:16] new server start detected: pid=26532 start=10:45:34 (remind at 16:45:34)
[2026-08-14 10:47:12] new server start detected: pid=20816 start=10:46:46 (remind at 16:46:46)
[2026-08-14 10:48:02] server not running (waiting for next start)
[2026-08-14 10:48:57] new server start detected: pid=30396 start=10:48:23 (remind at 16:48:23)
[2026-08-14 10:49:47] server not running (waiting for next start)
[2026-08-14 10:51:29] new server start detected: pid=19780 start=10:50:53 (remind at 16:50:53)
[2026-08-14 10:52:19] server not running (waiting for next start)
[2026-08-14 10:53:03] new server start detected: pid=27816 start=10:52:06 (remind at 16:52:06)
[2026-08-14 10:53:57] server not running (waiting for next start)
[2026-08-14 10:55:37] new server start detected: pid=2420 start=10:54:46 (remind at 16:54:46)
[2026-08-14 16:55:12] reminder shown (server start 2026-08-14 10:54:46)
[2026-08-14 17:10:19] server not running (waiting for next start)
[2026-08-14 17:11:05] new server start detected: pid=4432 start=17:10:17 (remind at 23:10:17)
[2026-08-14 23:10:32] reminder shown (server start 2026-08-14 17:10:17)
[2026-08-24 20:50:53] reminder started: interval=30s hours=6.0 (state: pid=4432 reminded=True)
[2026-08-24 20:50:55] new server start detected: pid=5896 start=20:48:58 (remind at 02:48:58)
[2026-08-25 02:49:11] reminder shown (server start 2026-08-24 20:48:58)
[2026-08-25 15:11:52] server not running (waiting for next start)
